// Jest Snapshot v1, https://goo.gl/fbAQLP

exports[`Header component should render 1`] = `
<header
  className="header"
>
  <ul
    className="header__navigation"
  >
    <li
      className="header__navigation__brand"
    >
      <Link
        to="/"
      >
        TVMaze
      </Link>
    </li>
  </ul>
</header>
`;
