// Jest Snapshot v1, https://goo.gl/fbAQLP

exports[`App component should render 1`] = `
<div
  className="App"
>
  <BrowserRouter>
    <Header />
    <main>
      <AppRoutes />
    </main>
  </BrowserRouter>
</div>
`;
